DELETE FROM task WHERE "group" = 'role_owner_immutable';
SELECT quote_literal(CURRENT_TIMESTAMP) AS ct
\gset
INSERT INTO task ("group", input) VALUES ('role_owner_immutable', 'SELECT 1 AS a');
DO $$ BEGIN
    UPDATE task SET "user" = 'task_owner_test' WHERE "group" = 'role_owner_immutable';
EXCEPTION WHEN OTHERS THEN
    IF SQLERRM <> 'user column is immutable' THEN RAISE; END IF;
END $$;
SELECT "user" = current_user AS owner_immutable FROM task WHERE "group" = 'role_owner_immutable' AND plan > :ct::timestamp;
 owner_immutable 
-----------------
 t
(1 row)

DO $body$ DECLARE ok boolean := false; BEGIN
    FOR i IN 1..30 LOOP
        IF (SELECT count(*) FROM task WHERE "group" = 'role_owner_immutable' AND state NOT IN ('DONE', 'GONE', 'FAIL')) = 0 THEN ok := true; EXIT; END IF;
        PERFORM pg_sleep(1);
    END LOOP;
    IF NOT ok THEN RAISE EXCEPTION 'timed out after 30 x pg_sleep(1) waiting for task group ''role_owner_immutable'' to finish (leave PLAN/TAKE/WORK)'; END IF;
END;$body$ LANGUAGE plpgsql;
