SELECT current_setting('pg_task.json') AS json_baseline
\gset
SELECT left(:'json_baseline', -1) || ',{"data":"' || :'DBNAME' || '","user":"task_make_user_test","schema":"task_user_make_test_schema","table":"task_user_make_test"}]' AS json_val
\gset
ALTER SYSTEM SET pg_task.json = :'json_val';
SELECT pg_reload_conf();
 pg_reload_conf 
----------------
 t
(1 row)

DO $body$ BEGIN
    FOR i IN 1..120 LOOP
        IF EXISTS (SELECT 1 FROM pg_catalog.pg_roles WHERE rolname = 'task_make_user_test') THEN EXIT; END IF;
        PERFORM pg_sleep(1);
    END LOOP;
END;$body$ LANGUAGE plpgsql;
SELECT EXISTS (SELECT 1 FROM pg_catalog.pg_roles WHERE rolname = 'task_make_user_test') AS role_created;
 role_created 
--------------
 t
(1 row)

ALTER SYSTEM SET pg_task.json = :'json_baseline';
SELECT pg_reload_conf();
 pg_reload_conf 
----------------
 t
(1 row)

DO $body$ BEGIN
    FOR i IN 1..120 LOOP
        IF NOT EXISTS (SELECT 1 FROM pg_catalog.pg_stat_activity WHERE usename = 'task_make_user_test') THEN EXIT; END IF;
        PERFORM pg_sleep(1);
    END LOOP;
END;$body$ LANGUAGE plpgsql;
DROP ROLE task_make_user_test;
