SELECT count(*) = 29 AS column_count_ok FROM pg_catalog.pg_attribute WHERE attrelid = 'task_make_test_schema.task_make_test'::regclass AND attnum > 0 AND NOT attisdropped;
 column_count_ok 
-----------------
 t
(1 row)

SELECT array_agg(enumlabel::text ORDER BY enumsortorder) = ARRAY['PLAN', 'GONE', 'TAKE', 'WORK', 'DONE', 'FAIL', 'STOP'] AS enum_ok FROM pg_catalog.pg_enum WHERE enumtypid = 'task_make_test_schema.state'::regtype;
 enum_ok 
---------
 t
(1 row)

SELECT bool_and(attnotnull) AS not_null_ok FROM pg_catalog.pg_attribute WHERE attrelid = 'task_make_test_schema.task_make_test'::regclass AND attname IN ('id', 'plan', 'active', 'live', 'repeat', 'timeout', 'count', 'max', 'state', 'delete', 'drift', 'header', 'save', 'string', 'delimiter', 'escape', 'quote', 'group', 'input', 'null');
 not_null_ok 
-------------
 t
(1 row)

SELECT bool_and(NOT attnotnull) AS nullable_ok FROM pg_catalog.pg_attribute WHERE attrelid = 'task_make_test_schema.task_make_test'::regclass AND attname IN ('parent', 'start', 'stop', 'pid', 'data', 'error', 'output', 'remote');
 nullable_ok 
-------------
 t
(1 row)

SELECT count(*) = 6 AS index_count_ok FROM pg_catalog.pg_index WHERE indrelid = 'task_make_test_schema.task_make_test'::regclass;
 index_count_ok 
----------------
 t
(1 row)

SELECT count(*) = 25 AS trigger_ok FROM pg_catalog.pg_trigger WHERE tgrelid = 'task_make_test_schema.task_make_test'::regclass AND NOT tgisinternal;
 trigger_ok 
------------
 t
(1 row)

