SET client_min_messages = warning;
CREATE ROLE task_act_svc LOGIN;
CREATE ROLE task_act_stranger LOGIN;
CREATE ROLE task_act_member LOGIN;
RESET client_min_messages;
GRANT CREATE ON DATABASE :"DBNAME" TO task_act_svc;
GRANT task_act_member TO task_act_svc;
SELECT current_setting('pg_task.json') AS json_baseline
\gset
-- a pg_task.user that is not a superuser may only run tasks as roles it could SET ROLE to
SELECT left(:'json_baseline', -1) || ',{"data":"' || :'DBNAME' || '","user":"task_act_svc","schema":"task_act_schema"}]' AS json_val
\gset
ALTER SYSTEM SET pg_task.json = :'json_val';
SELECT pg_reload_conf();
 pg_reload_conf 
----------------
 t
(1 row)

DO $body$ DECLARE ok boolean := false; BEGIN
    FOR i IN 1..300 LOOP
        PERFORM pg_stat_clear_snapshot();
        IF EXISTS (SELECT 1 FROM pg_catalog.pg_class c JOIN pg_catalog.pg_namespace n ON n.oid = c.relnamespace WHERE n.nspname = 'task_act_schema' AND c.relname = 'task') AND EXISTS (SELECT 1 FROM pg_catalog.pg_stat_activity a WHERE application_name LIKE 'pg_work task_act_schema task %' AND datname = current_database() AND state = 'idle' AND (current_setting('server_version_num')::int < 100000 OR to_json(a) ->> 'wait_event_type' = 'Extension')) THEN ok := true; EXIT; END IF;
        PERFORM pg_sleep(0.1);
    END LOOP;
    IF NOT ok THEN RAISE EXCEPTION 'timed out after 300 x pg_sleep(0.1) waiting for the pg_work worker of task_act_schema.task to become idle'; END IF;
END;$body$ LANGUAGE plpgsql;
INSERT INTO task_act_schema.task ("group", input, "user") VALUES ('stranger', 'SELECT current_user', 'task_act_stranger');
INSERT INTO task_act_schema.task ("group", input, "user", repeat) VALUES ('member', 'SELECT current_user', 'task_act_member', '1 sec');
DO $body$ BEGIN
    FOR i IN 1..100 LOOP
        EXIT WHEN (SELECT state FROM task_act_schema.task WHERE "group" = 'stranger')::text NOT IN ('PLAN', 'TAKE', 'WORK') AND (SELECT count(*) FROM task_act_schema.task WHERE "group" = 'member' AND state::text = 'DONE') >= 2;
        PERFORM pg_sleep(0.1);
    END LOOP;
END;$body$ LANGUAGE plpgsql;
SELECT "user", state, error LIKE '%permission denied to run task as role "task_act_stranger"%' AS refused FROM task_act_schema.task WHERE "group" = 'stranger';
       user        | state | refused 
-------------------+-------+---------
 task_act_stranger | FAIL  | t
(1 row)

-- the repeat is inserted as pg_task.user, and must still run as the author, not as pg_task.user
SELECT "user", output, state FROM task_act_schema.task WHERE "group" = 'member' AND state::text = 'DONE' ORDER BY id LIMIT 2;
      user       |     output      | state 
-----------------+-----------------+-------
 task_act_member | task_act_member | DONE
 task_act_member | task_act_member | DONE
(2 rows)

DO $body$ BEGIN
    FOR i IN 1..100 LOOP
        UPDATE task_act_schema.task SET state = 'STOP' WHERE "group" = 'member' AND state::text = 'PLAN';
        EXIT WHEN (SELECT count(*) FROM task_act_schema.task WHERE "group" = 'member' AND state::text IN ('PLAN', 'TAKE', 'WORK')) = 0;
        PERFORM pg_sleep(0.1);
    END LOOP;
END;$body$ LANGUAGE plpgsql;
ALTER SYSTEM SET pg_task.json = :'json_baseline';
SELECT pg_reload_conf();
 pg_reload_conf 
----------------
 t
(1 row)

DO $body$ DECLARE ok boolean := false; BEGIN
    FOR i IN 1..300 LOOP
        PERFORM pg_stat_clear_snapshot();
        IF NOT EXISTS (SELECT 1 FROM pg_catalog.pg_stat_activity WHERE usename IN ('task_act_svc', 'task_act_stranger', 'task_act_member')) THEN ok := true; EXIT; END IF;
        PERFORM pg_sleep(0.1);
    END LOOP;
    IF NOT ok THEN RAISE EXCEPTION 'timed out after 300 x pg_sleep(0.1) waiting for the task_act_* sessions to go away'; END IF;
END;$body$ LANGUAGE plpgsql;
SELECT (SELECT count(*) FROM pg_catalog.pg_settings WHERE name = 'gp_role') > 0 AS is_gp
\gset
SELECT '/tmp/pg_task_gp_policy_' || pg_backend_pid() || '.sql' AS gp_policy_file
\gset
\pset tuples_only on
\pset format unaligned
\o :gp_policy_file
SELECT CASE WHEN :'is_gp' = 't' THEN 'SELECT NOT EXISTS (SELECT 1 FROM gp_dist_random(' || chr(39) || 'pg_class' || chr(39) || ') WHERE oid = ' || chr(39) || 'task_act_schema.task' || chr(39) || '::regclass) AS need_gp_utility' ELSE 'SELECT false AS need_gp_utility' END;
SELECT '\gset';
\o
\i :gp_policy_file
SELECT false AS need_gp_utility
\gset
SELECT '/tmp/pg_task_gp_utility_' || pg_backend_pid() || '.sql' AS gp_utility_file
\gset
\o :gp_utility_file
SELECT CASE WHEN :'need_gp_utility' = 't' THEN '\connect "dbname=' || :'DBNAME' || ' options=' || chr(39) || '-c gp_session_role=utility' || chr(39) || '"' ELSE '' END;
\o
\i :gp_utility_file
\pset tuples_only off
\pset format aligned
SET client_min_messages TO WARNING;
DROP SCHEMA task_act_schema CASCADE;
RESET client_min_messages;
\connect :DBNAME
REVOKE CREATE ON DATABASE :"DBNAME" FROM task_act_svc;
DROP ROLE task_act_svc;
DROP ROLE task_act_stranger;
DROP ROLE task_act_member;
