-- the transaction characteristics of the settings of the role of an entry are for the transactions of its tasks, not for those of pg_work itself: read only failed every one of them, the table never made, serializable some on a row changed meanwhile
SET client_min_messages = warning;
CREATE ROLE task_read_only SUPERUSER LOGIN;
RESET client_min_messages;
ALTER ROLE task_read_only SET default_transaction_read_only = on;
ALTER ROLE task_read_only SET default_transaction_isolation = 'serializable';
SELECT current_setting('pg_task.json') AS json_baseline
\gset
SELECT left(:'json_baseline', -1) || ',{"data":"' || :'DBNAME' || '","user":"task_read_only","schema":"read_only_schema"}]' AS json_val
\gset
ALTER SYSTEM SET pg_task.json = :'json_val';
SELECT pg_reload_conf();
 pg_reload_conf 
----------------
 t
(1 row)

DO $body$ DECLARE ok boolean := false; BEGIN
    FOR i IN 1..300 LOOP
        PERFORM pg_stat_clear_snapshot();
        IF EXISTS (SELECT 1 FROM pg_catalog.pg_class c JOIN pg_catalog.pg_namespace n ON n.oid = c.relnamespace WHERE n.nspname = 'read_only_schema' AND c.relname = 'task') AND EXISTS (SELECT 1 FROM pg_catalog.pg_stat_activity a WHERE application_name LIKE 'pg_work read_only_schema task %' AND datname = current_database() AND state = 'idle' AND CASE WHEN current_setting('server_version_num')::int < 100000 THEN a.query LIKE 'WITH %' OR a.query LIKE 'SELECT COALESCE(LEAST(%' ELSE to_json(a) ->> 'wait_event_type' = 'Extension' END) THEN ok := true; EXIT; END IF;
        PERFORM pg_sleep(0.1);
    END LOOP;
    IF NOT ok THEN RAISE EXCEPTION 'timed out after 300 x pg_sleep(0.1) waiting for the pg_work worker of read_only_schema.task to become idle'; END IF;
END;$body$ LANGUAGE plpgsql;
INSERT INTO read_only_schema.task (input) VALUES ('SELECT 1');
DO $body$ DECLARE ok boolean := false; BEGIN
    FOR i IN 1..300 LOOP
        IF NOT EXISTS (SELECT 1 FROM read_only_schema.task WHERE state NOT IN ('DONE', 'GONE', 'FAIL')) THEN ok := true; EXIT; END IF;
        PERFORM pg_sleep(0.1);
    END LOOP;
    IF NOT ok THEN RAISE EXCEPTION 'timed out after 300 x pg_sleep(0.1) waiting for the task of read_only_schema.task to finish (leave PLAN/TAKE/WORK)'; END IF;
END;$body$ LANGUAGE plpgsql;
SELECT state, output FROM read_only_schema.task;
 state | output 
-------+--------
 DONE  | 1
(1 row)

ALTER SYSTEM SET pg_task.json = :'json_baseline';
SELECT pg_reload_conf();
 pg_reload_conf 
----------------
 t
(1 row)

DO $body$ DECLARE ok boolean := false; BEGIN
    FOR i IN 1..300 LOOP
        PERFORM pg_stat_clear_snapshot();
        IF NOT EXISTS (SELECT 1 FROM pg_catalog.pg_stat_activity WHERE usename = 'task_read_only') THEN ok := true; EXIT; END IF;
        PERFORM pg_sleep(0.1);
    END LOOP;
    IF NOT ok THEN RAISE EXCEPTION 'timed out after 300 x pg_sleep(0.1) waiting for backend(s) connected as role ''task_read_only'' to disconnect'; END IF;
END;$body$ LANGUAGE plpgsql;
SET client_min_messages TO WARNING;
DROP SCHEMA read_only_schema CASCADE;
RESET client_min_messages;
DROP ROLE task_read_only;
