-- two entries of pg_task.json with tables of the same new schema, started at once, provision it one after the other, rather than both create the schema and its enum of states, the second one failing on the first one's, to be restarted only after pg_work.restart
SELECT current_setting('pg_task.json') AS json_baseline
\gset
SELECT left(:'json_baseline', -1) || ',{"data":"' || :'DBNAME' || '","user":"' || current_user || '","schema":"shared_schema","table":"first"},{"data":"' || :'DBNAME' || '","user":"' || current_user || '","schema":"shared_schema","table":"second"}]' AS json_val
\gset
ALTER SYSTEM SET pg_task.json = :'json_val';
SELECT pg_reload_conf();
 pg_reload_conf 
----------------
 t
(1 row)

DO $body$ DECLARE ok boolean := false; BEGIN
    FOR i IN 1..300 LOOP
        PERFORM pg_stat_clear_snapshot();
        IF (SELECT count(*) FROM pg_catalog.pg_class c JOIN pg_catalog.pg_namespace n ON n.oid = c.relnamespace WHERE n.nspname = 'shared_schema' AND c.relname IN ('first', 'second')) = 2 AND (SELECT count(*) FROM pg_catalog.pg_stat_activity a WHERE (application_name LIKE 'pg_work shared_schema first %' OR application_name LIKE 'pg_work shared_schema second %') AND datname = current_database() AND state = 'idle' AND CASE WHEN current_setting('server_version_num')::int < 100000 THEN a.query LIKE 'WITH %' OR a.query LIKE 'SELECT COALESCE(LEAST(%' ELSE to_json(a) ->> 'wait_event_type' = 'Extension' END) = 2 THEN ok := true; EXIT; END IF;
        PERFORM pg_sleep(0.1);
    END LOOP;
    IF NOT ok THEN RAISE EXCEPTION 'timed out after 300 x pg_sleep(0.1) waiting for the pg_work workers of shared_schema.first and shared_schema.second to become idle'; END IF;
END;$body$ LANGUAGE plpgsql;
ALTER SYSTEM SET pg_task.json = :'json_baseline';
SELECT pg_reload_conf();
 pg_reload_conf 
----------------
 t
(1 row)

DO $body$ DECLARE ok boolean := false; BEGIN
    FOR i IN 1..300 LOOP
        PERFORM pg_stat_clear_snapshot();
        IF NOT EXISTS (SELECT 1 FROM pg_catalog.pg_stat_activity WHERE application_name LIKE 'pg_work shared_schema %') THEN ok := true; EXIT; END IF;
        PERFORM pg_sleep(0.1);
    END LOOP;
    IF NOT ok THEN RAISE EXCEPTION 'timed out after 300 x pg_sleep(0.1) waiting for the pg_work workers of shared_schema to stop'; END IF;
END;$body$ LANGUAGE plpgsql;
SET client_min_messages TO WARNING;
DROP SCHEMA shared_schema CASCADE;
RESET client_min_messages;
