SELECT value AS json_baseline FROM pg_task_test_state WHERE key = 'json_baseline'
\gset
ALTER SYSTEM SET pg_task.json = :'json_baseline';
SELECT pg_reload_conf();
 pg_reload_conf 
----------------
 t
(1 row)

DO $body$ DECLARE ok boolean := false; BEGIN
    FOR i IN 1..30 LOOP
        PERFORM pg_stat_clear_snapshot();
        IF NOT EXISTS (SELECT 1 FROM pg_catalog.pg_stat_activity WHERE application_name LIKE 'pg_work role_test_schema %') THEN ok := true; EXIT; END IF;
        PERFORM pg_sleep(1);
    END LOOP;
    IF NOT ok THEN RAISE EXCEPTION 'timed out after 30 x pg_sleep(1) waiting for pg_work worker(s) matching ''pg_work role_test_schema %%'' to stop'; END IF;
END;$body$ LANGUAGE plpgsql;
SELECT (SELECT count(*) FROM pg_catalog.pg_settings WHERE name = 'gp_role') > 0 AS is_gp
\gset
SELECT '/tmp/pg_task_gp_policy_' || pg_backend_pid() || '.sql' AS gp_policy_file
\gset
\pset tuples_only on
\pset format unaligned
\o :gp_policy_file
SELECT CASE WHEN :'is_gp' = 't' THEN 'SELECT NOT EXISTS (SELECT 1 FROM gp_dist_random(' || chr(39) || 'pg_class' || chr(39) || ') WHERE oid = ' || chr(39) || 'role_test_schema.task' || chr(39) || '::regclass) AS need_gp_utility' ELSE 'SELECT false AS need_gp_utility' END;
SELECT '\gset';
\o
\i :gp_policy_file
SELECT false AS need_gp_utility
\gset
SELECT '/tmp/pg_task_gp_utility_' || pg_backend_pid() || '.sql' AS gp_utility_file
\gset
\o :gp_utility_file
SELECT CASE WHEN :'need_gp_utility' = 't' THEN '\connect "dbname=' || :'DBNAME' || ' options=' || chr(39) || '-c gp_session_role=utility' || chr(39) || '"' ELSE '' END;
\o
\i :gp_utility_file
\pset tuples_only off
\pset format aligned
SET client_min_messages TO WARNING;
DROP SCHEMA role_test_schema CASCADE;
RESET client_min_messages;
\connect :DBNAME
DROP ROLE task_role_test;
