DELETE FROM task WHERE "group" IN ('run_db_a', 'run_db_b', 'run_db_c');
SELECT quote_literal(CURRENT_TIMESTAMP) AS ct
\gset
ALTER DATABASE :DBNAME SET pg_task.run = 1;
SELECT pg_reload_conf();
 pg_reload_conf 
----------------
 t
(1 row)

INSERT INTO task ("group", input, remote) VALUES ('run_db_a', 'SELECT pg_sleep(1) AS a', 'dbname=' || :'DBNAME');
INSERT INTO task ("group", input, remote) VALUES ('run_db_b', 'SELECT pg_sleep(1) AS a', 'dbname=' || :'DBNAME');
INSERT INTO task ("group", input, remote) VALUES ('run_db_c', 'SELECT pg_sleep(1) AS a', 'dbname=' || :'DBNAME');
DO $body$ DECLARE ok boolean := false; BEGIN
    FOR i IN 1..300 LOOP
        IF (SELECT count(*) FILTER (WHERE state != 'PLAN') FROM task WHERE "group" IN ('run_db_a', 'run_db_b', 'run_db_c')) >= 1 THEN ok := true; EXIT; END IF;
        PERFORM pg_sleep(0.1);
    END LOOP;
    IF NOT ok THEN RAISE EXCEPTION 'timed out after 300 x pg_sleep(0.1) waiting for at least one task in groups ''run_db_a'', ''run_db_b'', ''run_db_c'' to leave PLAN state'; END IF;
END;$body$ LANGUAGE plpgsql;
SELECT count(*) FILTER (WHERE state != 'PLAN') >= 1 AS some_dispatched_run_db_override, count(*) FILTER (WHERE state = 'PLAN') >= 1 AS some_capped_run_db_override FROM task WHERE "group" IN ('run_db_a', 'run_db_b', 'run_db_c') AND plan > :ct::timestamp;
 some_dispatched_run_db_override | some_capped_run_db_override 
---------------------------------+-----------------------------
 t                               | t
(1 row)

ALTER DATABASE :DBNAME RESET pg_task.run;
SELECT pg_reload_conf();
 pg_reload_conf 
----------------
 t
(1 row)

DO $body$ DECLARE ok boolean := false; BEGIN
    FOR i IN 1..300 LOOP
        IF (SELECT count(*) FROM task WHERE "group" IN ('run_db_a', 'run_db_b', 'run_db_c') AND state NOT IN ('DONE', 'GONE', 'FAIL')) = 0 THEN ok := true; EXIT; END IF;
        PERFORM pg_sleep(0.1);
    END LOOP;
    IF NOT ok THEN RAISE EXCEPTION 'timed out after 300 x pg_sleep(0.1) waiting for task groups ''run_db_a'', ''run_db_b'', ''run_db_c'' to finish (leave PLAN/TAKE/WORK)'; END IF;
END;$body$ LANGUAGE plpgsql;
