DELETE FROM task WHERE "group" = 'repeat_no_drift';
SELECT quote_literal(CURRENT_TIMESTAMP) AS ct
\gset
INSERT INTO task ("group", input, repeat, remote) VALUES ('repeat_no_drift', 'SELECT pg_sleep(1) AS a', '3 sec', 'dbname=' || :'DBNAME');
DO $body$ DECLARE ok boolean := false; BEGIN
    FOR i IN 1..900 LOOP
        IF (SELECT count(*) FILTER (WHERE state = 'DONE') >= 3 FROM task WHERE "group" = 'repeat_no_drift') THEN ok := true; EXIT; END IF;
        PERFORM pg_sleep(0.1);
    END LOOP;
    IF NOT ok THEN RAISE EXCEPTION 'timed out after 900 x pg_sleep(0.1) waiting for at least 3 DONE runs in repeating task group ''repeat_no_drift'''; END IF;
END;$body$ LANGUAGE plpgsql;
DELETE FROM task WHERE "group" = 'repeat_no_drift' AND state = 'PLAN';
DO $$ BEGIN PERFORM pg_sleep(1); END $$;
DELETE FROM task WHERE "group" = 'repeat_no_drift' AND state = 'PLAN';
DO $$ BEGIN PERFORM pg_sleep(1); END $$;
DELETE FROM task WHERE "group" = 'repeat_no_drift' AND state = 'PLAN';
DO $$ BEGIN PERFORM pg_sleep(1); END $$;
DELETE FROM task WHERE "group" = 'repeat_no_drift' AND state = 'PLAN';
DO $$ BEGIN PERFORM pg_sleep(1); END $$;
DELETE FROM task WHERE "group" = 'repeat_no_drift' AND state = 'PLAN';
DO $$ BEGIN PERFORM pg_sleep(1); END $$;
DELETE FROM task WHERE "group" = 'repeat_no_drift' AND state = 'PLAN';
DO $$ BEGIN PERFORM pg_sleep(1); END $$;
DELETE FROM task WHERE "group" = 'repeat_no_drift' AND state = 'PLAN';
DO $$ BEGIN PERFORM pg_sleep(1); END $$;
DELETE FROM task WHERE "group" = 'repeat_no_drift' AND state = 'PLAN';
DO $$ BEGIN PERFORM pg_sleep(1); END $$;
DELETE FROM task WHERE "group" = 'repeat_no_drift' AND state = 'PLAN';
DO $body$ DECLARE ok boolean := false; BEGIN
    FOR i IN 1..300 LOOP
        IF (SELECT count(*) FROM task WHERE "group" = 'repeat_no_drift' AND state NOT IN ('DONE', 'GONE', 'FAIL')) = 0 THEN ok := true; EXIT; END IF;
        PERFORM pg_sleep(0.1);
    END LOOP;
    IF NOT ok THEN RAISE EXCEPTION 'timed out after 300 x pg_sleep(0.1) waiting for task group ''repeat_no_drift'' to finish (leave PLAN/TAKE/WORK)'; END IF;
END;$body$ LANGUAGE plpgsql;
DELETE FROM task WHERE "group" = 'repeat_no_drift' AND state NOT IN ('DONE', 'GONE', 'FAIL');
WITH g AS (
    SELECT id, parent, lag(id) OVER (ORDER BY plan) AS prev_id, plan - lag(plan) OVER (ORDER BY plan) AS gap
    FROM task WHERE "group" = 'repeat_no_drift' AND plan > :ct::timestamp
)
SELECT count(*) >= 3 AS repeated_enough,
    bool_and(parent IS NOT DISTINCT FROM prev_id) AS parent_chain_ok,
    bool_and(gap IS NULL OR LEAST(extract(epoch FROM gap)::numeric % 3, 3 - extract(epoch FROM gap)::numeric % 3) < 0.5) AS grid_aligned
FROM g;
 repeated_enough | parent_chain_ok | grid_aligned 
-----------------+-----------------+--------------
 t               | t               | t
(1 row)

