\unset ECHO
t
1|SELECT 1/0 AS a||ERROR:  division by zero
CONTEXT:  SQL statement "SELECT 1/0 AS a"
STATEMENT:  SELECT 1/0 AS a|FAIL
2|SELECT pg_sleep(2) AS a||ERROR:  canceling statement due to statement timeout
CONTEXT:  SQL statement "SELECT pg_sleep(2) AS a"
STATEMENT:  SELECT pg_sleep(2) AS a|FAIL
3|SELECT 1 AS a|1||DONE
4|SELECT 1 AS a, 2 AS b|a	b
1	2||DONE
5|SELECT 1 AS a;SELECT 2 AS b|2||DONE
6|SELECT 1 AS a, 2 AS b;SELECT 3 AS c|3||DONE
7|SELECT 1 AS a, 2 AS b;SELECT 3 AS c, 4 AS d|c	d
3	4||DONE
8|SELECT pg_sleep(1) AS a|||DONE|5
8|SELECT pg_sleep(1) AS a|||DONE|5
t|t|t|t
10|SELECT pg_sleep(1) AS a|||DONE|5
10|SELECT pg_sleep(1) AS a|||DONE|5
10|SELECT pg_sleep(1) AS a|||DONE|5
10|SELECT pg_sleep(1) AS a|||DONE|5
11|SELECT pg_sleep(10) AS a|||DONE|2
11|SELECT pg_sleep(10) AS a||ERROR:  task not active|GONE|8
12|t|t
13|t|t
14|t|t
15|SELECT 'a' || '"' || 'b' || chr(92) || 'c' AS a|"a\"b\\c"||DONE
16|DELETE FROM task WHERE false|DELETE 0||DONE
17|COPY (SELECT 1) TO STDOUT||ERROR:  COPY is not supported
STATEMENT:  COPY (SELECT 1) TO STDOUT|FAIL
18|COPY task FROM STDIN||ERROR:  COPY is not supported
STATEMENT:  COPY task FROM STDIN|FAIL
19|t|t
20|t|t
21|SELECT search_path_probe() AS a|found||DONE
t|t|t
t|t|t
t|t|t
t
t
t
t|t
t
t
t|t
t
t
t|t
t
t
t
t
t|t
t
t|t
t
t
t|t
t
FAIL|t
34|UPDATE 1||DONE
35|2||DONE
36|DELETE_RETURNING 0||DONE
37|4||DONE
38||ERROR:  syntax error at or near "ON" at character 53
QUERY:  INSERT INTO returning_probe (id, val) VALUES (1, 1) ON CONFLICT (id) DO NOTHING RETURNING id
STATEMENT:  INSERT INTO returning_probe (id, val) VALUES (1, 1) ON CONFLICT (id) DO NOTHING RETURNING id|FAIL
t
